Drawable.hpp:248:18:virtual void touchgfx::Drawable::setPosition(int16_t, int16_t, int16_t, int16_t)	16	static
Drawable.hpp:322:18:virtual void touchgfx::Drawable::setX(int16_t)	0	static
Drawable.hpp:338:18:virtual void touchgfx::Drawable::setY(int16_t)	0	static
Drawable.hpp:355:18:virtual void touchgfx::Drawable::setXY(int16_t, int16_t)	16	static
Drawable.hpp:372:18:virtual void touchgfx::Drawable::setWidth(int16_t)	0	static
Drawable.hpp:388:18:virtual void touchgfx::Drawable::setHeight(int16_t)	0	static
Drawable.hpp:403:18:virtual void touchgfx::Drawable::childGeometryChanged()	0	static
Drawable.hpp:415:18:virtual void touchgfx::Drawable::handleClickEvent(const touchgfx::ClickEvent&)	0	static
Drawable.hpp:427:18:virtual void touchgfx::Drawable::handleGestureEvent(const touchgfx::GestureEvent&)	0	static
Drawable.hpp:439:18:virtual void touchgfx::Drawable::handleDragEvent(const touchgfx::DragEvent&)	0	static
Drawable.hpp:452:18:virtual void touchgfx::Drawable::handleTickEvent()	0	static
Drawable.hpp:563:18:virtual void touchgfx::Drawable::moveTo(int16_t, int16_t)	4	static
CustomContainer1.hpp:12:13:CustomContainer1::~CustomContainer1()	0	static
CustomContainer1.cpp:8:6:virtual void CustomContainer1::initialize()	0	static
CustomContainer1.hpp:12:13:virtual CustomContainer1::~CustomContainer1()	8	static
CustomContainer1.cpp:3:1:CustomContainer1::CustomContainer1()	8	static
