Screen.hpp:140:18:virtual void touchgfx::Screen::afterTransition()	0	static
Screen.hpp:198:18:virtual void touchgfx::Screen::handleTickEvent()	0	static
Screen.hpp:213:18:virtual void touchgfx::Screen::handleKeyEvent(uint8_t)	0	static
Screen3View.cpp:15:6:virtual void Screen3View::tearDownScreen()	0	static
Screen3View.cpp:20:6:virtual void Screen3View::SelectWheel_Button()	0	static
DrawableList.hpp:118:13:touchgfx::DrawableListItems<TYPE, SIZE>::~DrawableListItems() [with TYPE = CustomContainer1; int SIZE = 5]	16	static
DrawableList.hpp:118:13:touchgfx::DrawableListItems<TYPE, SIZE>::~DrawableListItems() [with TYPE = CustomContainer2; int SIZE = 2]	16	static
DrawableList.hpp:156:21:int16_t touchgfx::DrawableListItems<TYPE, SIZE>::getNumberOfDrawables() [with TYPE = CustomContainer2; int SIZE = 2]	0	static
DrawableList.hpp:156:21:int16_t touchgfx::DrawableListItems<TYPE, SIZE>::getNumberOfDrawables() [with TYPE = CustomContainer1; int SIZE = 5]	0	static
Screen3View.cpp:10:6:virtual void Screen3View::setupScreen()	0	static
DrawableList.hpp:118:13:touchgfx::DrawableListItems<TYPE, SIZE>::~DrawableListItems() [with TYPE = CustomContainer2; int SIZE = 2]	8	static
DrawableList.hpp:118:13:touchgfx::DrawableListItems<TYPE, SIZE>::~DrawableListItems() [with TYPE = CustomContainer1; int SIZE = 5]	8	static
DrawableList.hpp:133:23:touchgfx::Drawable* touchgfx::DrawableListItems<TYPE, SIZE>::getDrawable(int16_t) [with TYPE = CustomContainer2; int SIZE = 2]	8	static
DrawableList.hpp:133:23:touchgfx::Drawable* touchgfx::DrawableListItems<TYPE, SIZE>::getDrawable(int16_t) [with TYPE = CustomContainer1; int SIZE = 5]	8	static
Screen3View.hpp:11:13:Screen3View::~Screen3View()	8	static
Screen3View.hpp:11:13:virtual Screen3View::~Screen3View()	8	static
CustomContainer1.hpp:16:10:void CustomContainer1::setNumber(int)	24	static
CustomContainer2.hpp:16:10:void CustomContainer2::setNumber2(int)	24	static
Screen3View.cpp:5:1:Screen3View::Screen3View()	8	static
Screen3View.cpp:28:6:void scrollWheel1UpdateItem(CustomContainer1&, int16_t)	8	static
Screen3View.cpp:34:6:void scrollWheel1UpdateCenterItem(CustomContainer2&, int16_t)	8	static
