core_cm7.h:2229:22:SCB_EnableICache	4	static,ignoring_inline_asm
core_cm7.h:2281:22:SCB_EnableDCache	24	static,ignoring_inline_asm
main.c:124:5:main	80	static
main.c:221:6:SystemClock_Config	216	static
main.c:286:13:MX_CRC_Init	8	static
main.c:317:13:MX_DMA2D_Init	8	static
main.c:354:13:MX_I2C1_Init	8	static
main.c:400:13:MX_I2C3_Init	8	static
main.c:446:13:MX_LTDC_Init	64	static
main.c:508:13:MX_QUADSPI_Init	8	static
main.c:547:13:MX_USART1_UART_Init	8	static
main.c:580:13:MX_DMA_Init	16	static
main.c:601:13:MX_FMC_Init	40	static
main.c:705:13:MX_GPIO_Init	72	static
main.c:1064:6:StartDefaultTask	16	static
main.c:1078:6:MPU_Config	24	static
main.c:1126:6:HAL_TIM_PeriodElapsedCallback	16	static
main.c:1143:6:Error_Handler	8	static
