stm32f7xx_hal_msp.c:69:6:HAL_MspInit	16	static
stm32f7xx_hal_msp.c:93:6:HAL_CRC_MspInit	24	static
stm32f7xx_hal_msp.c:115:6:HAL_CRC_MspDeInit	16	static
stm32f7xx_hal_msp.c:137:6:HAL_DMA2D_MspInit	24	static
stm32f7xx_hal_msp.c:162:6:HAL_DMA2D_MspDeInit	16	static
stm32f7xx_hal_msp.c:187:6:HAL_I2C_MspInit	56	static
stm32f7xx_hal_msp.c:288:6:HAL_I2C_MspDeInit	16	static
stm32f7xx_hal_msp.c:341:6:HAL_LTDC_MspInit	64	static
stm32f7xx_hal_msp.c:442:6:HAL_LTDC_MspDeInit	16	static
stm32f7xx_hal_msp.c:511:6:HAL_QSPI_MspInit	56	static
stm32f7xx_hal_msp.c:574:6:HAL_QSPI_MspDeInit	16	static
stm32f7xx_hal_msp.c:611:6:HAL_UART_MspInit	48	static
stm32f7xx_hal_msp.c:674:6:HAL_UART_MspDeInit	16	static
stm32f7xx_hal_msp.c:703:13:HAL_FMC_MspInit	32	static
stm32f7xx_hal_msp.c:809:6:HAL_SDRAM_MspInit	16	static
stm32f7xx_hal_msp.c:821:13:HAL_FMC_MspDeInit	8	static
stm32f7xx_hal_msp.c:895:6:HAL_SDRAM_MspDeInit	16	static
