stm32746g_discovery_qspi.c:751:16:QSPI_AutoPollingMemReady.constprop	88	static
stm32746g_discovery_qspi.c:705:16:QSPI_WriteEnable.constprop	88	static
stm32746g_discovery_qspi.c:194:9:BSP_QSPI_Read	72	static
stm32746g_discovery_qspi.c:240:9:BSP_QSPI_Write	80	static
stm32746g_discovery_qspi.c:314:9:BSP_QSPI_Erase_Block	64	static
stm32746g_discovery_qspi.c:356:9:BSP_QSPI_Erase_Chip	64	static
stm32746g_discovery_qspi.c:396:9:BSP_QSPI_GetStatus	72	static
stm32746g_discovery_qspi.c:449:9:BSP_QSPI_GetInfo	0	static
stm32746g_discovery_qspi.c:465:9:BSP_QSPI_EnableMemoryMappedMode	72	static
stm32746g_discovery_qspi.c:510:13:BSP_QSPI_MspInit	72	static
stm32746g_discovery_qspi.c:124:9:BSP_QSPI_Init	88	static,ignoring_inline_asm
stm32746g_discovery_qspi.c:576:13:BSP_QSPI_MspDeInit	8	static
stm32746g_discovery_qspi.c:171:9:BSP_QSPI_DeInit	16	static
