stm32f7xx_hal_qspi.c:2398:13:QSPI_DMARxCplt	0	static
stm32f7xx_hal_qspi.c:2412:13:QSPI_DMATxCplt	0	static
stm32f7xx_hal_qspi.c:2558:13:QSPI_Config	32	static
stm32f7xx_hal_qspi.c:2525:26:QSPI_WaitFlagStateUntilTimeout	24	static
stm32f7xx_hal_qspi.c:437:14:HAL_QSPI_MspInit	0	static
stm32f7xx_hal_qspi.c:292:19:HAL_QSPI_Init	24	static
stm32f7xx_hal_qspi.c:452:14:HAL_QSPI_MspDeInit	0	static
stm32f7xx_hal_qspi.c:393:19:HAL_QSPI_DeInit	8	static
stm32f7xx_hal_qspi.c:768:19:HAL_QSPI_Command	40	static
stm32f7xx_hal_qspi.c:858:19:HAL_QSPI_Command_IT	32	static
stm32f7xx_hal_qspi.c:1131:19:HAL_QSPI_Transmit_IT	8	static
stm32f7xx_hal_qspi.c:1191:19:HAL_QSPI_Receive_IT	12	static
stm32f7xx_hal_qspi.c:1259:19:HAL_QSPI_Transmit_DMA	16	static
stm32f7xx_hal_qspi.c:1393:19:HAL_QSPI_Receive_DMA	24	static
stm32f7xx_hal_qspi.c:1527:19:HAL_QSPI_AutoPolling	40	static
stm32f7xx_hal_qspi.c:1627:19:HAL_QSPI_AutoPolling_IT	32	static
stm32f7xx_hal_qspi.c:1731:19:HAL_QSPI_MemoryMapped	32	static
stm32f7xx_hal_qspi.c:1817:13:HAL_QSPI_ErrorCallback	0	static
stm32f7xx_hal_qspi.c:2482:13:QSPI_DMAAbortCplt	8	static
stm32f7xx_hal_qspi.c:1832:13:HAL_QSPI_AbortCpltCallback	0	static
stm32f7xx_hal_qspi.c:1847:13:HAL_QSPI_CmdCpltCallback	0	static
stm32f7xx_hal_qspi.c:1862:13:HAL_QSPI_RxCpltCallback	0	static
stm32f7xx_hal_qspi.c:1877:14:HAL_QSPI_TxCpltCallback	0	static
stm32f7xx_hal_qspi.c:1892:13:HAL_QSPI_RxHalfCpltCallback	0	static
stm32f7xx_hal_qspi.c:2426:13:QSPI_DMARxHalfCplt	8	static
stm32f7xx_hal_qspi.c:1907:14:HAL_QSPI_TxHalfCpltCallback	0	static
stm32f7xx_hal_qspi.c:2442:13:QSPI_DMATxHalfCplt	8	static
stm32f7xx_hal_qspi.c:1922:13:HAL_QSPI_FifoThresholdCallback	0	static
stm32f7xx_hal_qspi.c:1937:13:HAL_QSPI_StatusMatchCallback	0	static
stm32f7xx_hal_qspi.c:1952:13:HAL_QSPI_TimeOutCallback	0	static
stm32f7xx_hal_qspi.c:2209:23:HAL_QSPI_GetState	0	static
stm32f7xx_hal_qspi.c:2220:10:HAL_QSPI_GetError	0	static
stm32f7xx_hal_qspi.c:2230:19:HAL_QSPI_Abort	24	static
stm32f7xx_hal_qspi.c:958:19:HAL_QSPI_Transmit	32	static
stm32f7xx_hal_qspi.c:1044:19:HAL_QSPI_Receive	32	static
stm32f7xx_hal_qspi.c:2283:19:HAL_QSPI_Abort_IT	8	static
stm32f7xx_hal_qspi.c:491:6:HAL_QSPI_IRQHandler	16	static
stm32f7xx_hal_qspi.c:2458:13:QSPI_DMAError	8	static
stm32f7xx_hal_qspi.c:2340:6:HAL_QSPI_SetTimeout	0	static
stm32f7xx_hal_qspi.c:2350:19:HAL_QSPI_SetFifoThreshold	8	static
stm32f7xx_hal_qspi.c:2382:10:HAL_QSPI_GetFifoThreshold	0	static
