Presenter.hpp:42:18:virtual void touchgfx::Presenter::activate()	16	static
Presenter.hpp:54:18:virtual void touchgfx::Presenter::deactivate()	16	static
Presenter.hpp:65:13:touchgfx::Presenter::~Presenter()	16	static
Presenter.hpp:65:13:virtual touchgfx::Presenter::~Presenter()	16	static
Presenter.hpp:78:5:touchgfx::Presenter::Presenter()	16	static
ModelListener.hpp:9:5:ModelListener::ModelListener()	16	static
ModelListener.hpp:11:13:ModelListener::~ModelListener()	16	static
ModelListener.hpp:11:13:virtual ModelListener::~ModelListener()	16	static
ModelListener.hpp:20:18:virtual void ModelListener::notifyLogChanged()	16	static
Screen3Presenter.hpp:28:13:Screen3Presenter::~Screen3Presenter()	16	static
Screen3Presenter.hpp:28:13:virtual Screen3Presenter::~Screen3Presenter()	16	static
Screen3Presenter.cpp:4:1:Screen3Presenter::Screen3Presenter(Screen3View&)	16	static
Screen3Presenter.cpp:10:6:virtual void Screen3Presenter::activate()	16	static
Screen3Presenter.cpp:15:6:virtual void Screen3Presenter::deactivate()	16	static
