Presenter.hpp:42:18:virtual void touchgfx::Presenter::activate()	16	static
Presenter.hpp:54:18:virtual void touchgfx::Presenter::deactivate()	16	static
Presenter.hpp:65:13:touchgfx::Presenter::~Presenter()	16	static
Presenter.hpp:65:13:virtual touchgfx::Presenter::~Presenter()	16	static
Presenter.hpp:78:5:touchgfx::Presenter::Presenter()	16	static
ModelListener.hpp:9:5:ModelListener::ModelListener()	16	static
ModelListener.hpp:11:13:ModelListener::~ModelListener()	16	static
ModelListener.hpp:11:13:virtual ModelListener::~ModelListener()	16	static
ModelListener.hpp:20:18:virtual void ModelListener::notifyLogChanged()	16	static
Screen2Presenter.hpp:28:13:Screen2Presenter::~Screen2Presenter()	16	static
Screen2Presenter.hpp:28:13:virtual Screen2Presenter::~Screen2Presenter()	16	static
Screen2Presenter.cpp:4:1:Screen2Presenter::Screen2Presenter(Screen2View&)	16	static
Screen2Presenter.cpp:10:6:virtual void Screen2Presenter::activate()	16	static
Screen2Presenter.cpp:15:6:virtual void Screen2Presenter::deactivate()	16	static
